export const snapshot = {};

snapshot[`index page 1`] = `"Welcome to \`fresh\`. Try updating this message in the ./routes/index.tsx file, and refresh."`;
