export const snapshot = {};

snapshot[`index page 1`] = `"bkosm - fresh blog"`;
